ans =

   6.4064e+04


M =

      521280


N =

     1048576

Elapsed time is 0.448743 seconds.

ans =

   1.7236e+03


ans =

   2.0747e+04


ans =

   6.4064e+04


M =

      521280


N =

     1048576

Elapsed time is 0.585057 seconds.

ans =

   1.7417e+05


ans =

   4.5221e+04


ans =

   6.4064e+04


M =

      521280


N =

     1048576

Elapsed time is 0.623548 seconds.

ans =

   3.8286e+05


ans =

   5.2410e+04


ans =

   6.4064e+04


M =

      521280


N =

     1048576

Elapsed time is 0.635728 seconds.

ans =

   4.3773e+05


ans =

   5.6906e+04


ans =

   6.4064e+04


M =

      521280


N =

     1048576

Elapsed time is 0.655823 seconds.

ans =

   5.8088e+05


ans =

   5.9040e+04


ans =

   6.4064e+04


M =

      521280


N =

     1048576

Elapsed time is 0.650588 seconds.

ans =

   7.2350e+05


ans =

   6.0486e+04


ans =

   6.4064e+04


M =

      521280


N =

     1048576

Elapsed time is 0.641156 seconds.

ans =

   8.5073e+05


ans =

   6.1583e+04